
> grok-bot-cli@0.2.2 photon:test
> npm run test --workspace=@grokbot/photon-features


> @grokbot/photon-features@0.1.0 test
> npm run build && node --test dist/tests/lanes/wt-00/*.test.js


> @grokbot/photon-features@0.1.0 build
> tsc -p tsconfig.json

(node:43668) ExperimentalWarning: SQLite is an experimental feature and might change at any time
(Use `node --trace-warnings ...` to show where the warning was created)
✔ typing.begin: valid, missing required argument, unknown envelope/argument (18.102291ms)
✔ typing.end: valid, missing required argument, unknown envelope/argument (4.581458ms)
✔ text.send: valid, missing required argument, unknown envelope/argument (4.618042ms)
✔ text.stream: valid, missing required argument, unknown envelope/argument (2.498375ms)
✔ markdown.send: valid, missing required argument, unknown envelope/argument (1.18925ms)
✔ link.send: valid, missing required argument, unknown envelope/argument (2.384667ms)
✔ content.group: valid, missing required argument, unknown envelope/argument (4.244083ms)
✔ content.compose: valid, missing required argument, unknown envelope/argument (2.978917ms)
✔ message.get: valid, missing required argument, unknown envelope/argument (1.761708ms)
✔ message.reply: valid, missing required argument, unknown envelope/argument (1.691125ms)
✔ message.react: valid, missing required argument, unknown envelope/argument (0.977708ms)
✔ reaction.remove: valid, missing required argument, unknown envelope/argument (2.032792ms)
✔ message.edit: valid, missing required argument, unknown envelope/argument (0.960458ms)
✔ message.unsend: valid, missing required argument, unknown envelope/argument (2.395375ms)
✔ message.markRead: valid, missing required argument, unknown envelope/argument (0.87625ms)
✔ attachment.send: valid, missing required argument, unknown envelope/argument (1.888416ms)
✔ attachment.fetch: valid, missing required argument, unknown envelope/argument (1.937167ms)
✔ voice.send: valid, missing required argument, unknown envelope/argument (2.153042ms)
✔ contact.send: valid, missing required argument, unknown envelope/argument (2.298334ms)
✔ poll.create: valid, missing required argument, unknown envelope/argument (1.012416ms)
✔ poll.get: valid, missing required argument, unknown envelope/argument (0.863416ms)
✔ poll.vote: valid, missing required argument, unknown envelope/argument (1.851208ms)
✔ poll.unvote: valid, missing required argument, unknown envelope/argument (0.787709ms)
✔ poll.addOption: valid, missing required argument, unknown envelope/argument (0.728959ms)
✔ app.send: valid, missing required argument, unknown envelope/argument (2.13475ms)
✔ app.sendCustomized: valid, missing required argument, unknown envelope/argument (1.382417ms)
✔ app.update: valid, missing required argument, unknown envelope/argument (1.036666ms)
✔ space.get: valid, missing required argument, unknown envelope/argument (1.589125ms)
✔ space.create: valid, missing required argument, unknown envelope/argument (0.763709ms)
✔ space.getName: valid, missing required argument, unknown envelope/argument (0.653959ms)
✔ space.rename: valid, missing required argument, unknown envelope/argument (0.8265ms)
✔ space.getMembers: valid, missing required argument, unknown envelope/argument (1.02375ms)
✔ space.addMembers: valid, missing required argument, unknown envelope/argument (0.919541ms)
✔ space.removeMembers: valid, missing required argument, unknown envelope/argument (0.758958ms)
✔ space.leave: valid, missing required argument, unknown envelope/argument (0.638959ms)
✔ space.getAvatar: valid, missing required argument, unknown envelope/argument (1.017125ms)
✔ space.setAvatar: valid, missing required argument, unknown envelope/argument (1.937875ms)
✔ space.clearAvatar: valid, missing required argument, unknown envelope/argument (0.694125ms)
✔ space.setBackground: valid, missing required argument, unknown envelope/argument (0.778625ms)
✔ space.clearBackground: valid, missing required argument, unknown envelope/argument (0.819416ms)
✔ account.shareContact: valid, missing required argument, unknown envelope/argument (0.872959ms)
✔ effect.send: valid, missing required argument, unknown envelope/argument (0.695ms)
✔ metadata.get: valid, missing required argument, unknown envelope/argument (0.59925ms)
✔ custom.send: valid, missing required argument, unknown envelope/argument (1.0225ms)
✔ reference round trip and all scope dimensions (0.849958ms)
✔ content rejects executable input, raw paths, wrapper nesting and overflow (2.276458ms)
✔ context, incoming event, void result and capability dimensions (3.10125ms)
✔ registry ownership is complete and production registry fails closed (0.464292ms)
✔ every resource kind round trips and related parent identifiers are checked (3.306625ms)
✔ fencing and lifecycle helpers distinguish cancellation and provider evidence (0.505875ms)
✔ production source has no imports of test fixtures (22.327209ms)
(node:43669) ExperimentalWarning: SQLite is an experimental feature and might change at any time
(Use `node --trace-warnings ...` to show where the warning was created)
✔ public SDK imports load without client construction (0.365334ms)
✔ host activation, ordered recovery, singleton start and shutdown (1.02825ms)
✔ failed recovery cleans up; disabled host never starts client (0.478916ms)
(node:43670) ExperimentalWarning: SQLite is an experimental feature and might change at any time
(Use `node --trace-warnings ...` to show where the warning was created)
✔ woken task retrieves actual durable events, claims, heartbeats, acknowledges (12.999542ms)
✔ expired leases fence old acknowledgements; auth, revocation and generation checks (4.951917ms)
✔ Unix socket authenticates separately from opaque contextId and refuses unsafe directory (17.6575ms)
✔ work query cannot starve behind acknowledged rows and context expiry denies access (21.5525ms)
(node:43671) ExperimentalWarning: SQLite is an experimental feature and might change at any time
(Use `node --trace-warnings ...` to show where the warning was created)
✔ transaction rollback across inbox and handoff, CAS, reopen durability (12.39575ms)
✔ abrupt process exit rolls back uncommitted writes but preserves committed writes (92.076542ms)
ℹ tests 60
ℹ suites 0
ℹ pass 60
ℹ fail 0
ℹ cancelled 0
ℹ skipped 0
ℹ todo 0
ℹ duration_ms 508.931791
