
> grok-bot-cli@0.2.2 test
> node --test test/*.test.js

✔ decrypts an Electron Safe Storage v10 string (3.386333ms)
✔ loads the signed-in Grok Bot gateway without manual tokens (1.91325ms)
✔ loads a version 2 Grok Bot gateway entry (2.055792ms)
✔ rejects a version 2 descriptor with no entries (1.08275ms)
✔ rejects a version 2 descriptor with ambiguous entries (0.881542ms)
✔ rejects a gateway entry without an encrypted payload (1.084958ms)
✔ rejects an unsupported gateway descriptor version (1.965834ms)
✔ rejects an incomplete decrypted gateway descriptor (2.766125ms)
✔ reports a present but unusable Grok Bot app session (0.788ms)
✔ does not probe macOS credentials on other platforms (0.104792ms)
✔ doctor reports a present but unusable Grok Bot app session (125.23725ms)
✔ parses env JSON headers (1.55625ms)
✔ reads EnsureSandBox gatewayHeaders (0.244ms)
✔ reads EnsureSandBox token field (0.11875ms)
✔ env headers override EnsureSandBox (0.125375ms)
✔ request headers keep routing header (0.365208ms)
✔ empty env JSON is a no-op (0.342834ms)
✔ credential-bearing requests reject redirects (19.936625ms)
✔ gateway URL validation happens before credentials are sent (1.485041ms)
✔ npm package metadata identifies the public source repository (2.05775ms)
✔ npm executable paths are already normalized for publishing (0.1055ms)
✔ create list delete bots (5.646ms)
✔ group add remove set (20.892834ms)
✔ rejects nested and empty groups (5.974458ms)
✔ update merges profile, clears title, changes description, toggles settings, rejects blank name (3.580875ms)
✔ update settings merge preserves extra keys (1.671958ms)
✔ allows https Cursor gateway hosts (1.386166ms)
✔ rejects http and non-cursor hosts by default (0.819625ms)
✔ allows local gateways when opted in (0.280167ms)
✔ ALLOW_ANY_GATEWAY bypasses host checks (0.171125ms)
✔ redacts bearer and token-like fields (2.618166ms)
ℹ tests 31
ℹ suites 0
ℹ pass 31
ℹ fail 0
ℹ cancelled 0
ℹ skipped 0
ℹ todo 0
ℹ duration_ms 191.097417
