
> grok-bot-cli@0.2.2 test
> node --test test/*.test.js

✔ decrypts an Electron Safe Storage v10 string (1.787167ms)
✔ loads the signed-in Grok Bot gateway without manual tokens (2.308041ms)
✔ loads a version 2 Grok Bot gateway entry (1.78875ms)
✔ rejects a version 2 descriptor with no entries (1.246ms)
✔ rejects a version 2 descriptor with ambiguous entries (2.719583ms)
✔ rejects a gateway entry without an encrypted payload (1.833ms)
✔ rejects an unsupported gateway descriptor version (0.949708ms)
✔ rejects an incomplete decrypted gateway descriptor (3.675292ms)
✔ reports a present but unusable Grok Bot app session (0.589791ms)
✔ does not probe macOS credentials on other platforms (0.097417ms)
✔ doctor reports a present but unusable Grok Bot app session (138.551792ms)
✔ parses env JSON headers (0.739834ms)
✔ reads EnsureSandBox gatewayHeaders (0.303166ms)
✔ reads EnsureSandBox token field (0.152083ms)
✔ env headers override EnsureSandBox (1.277875ms)
✔ request headers keep routing header (3.820542ms)
✔ empty env JSON is a no-op (0.177541ms)
✔ credential-bearing requests reject redirects (28.095958ms)
✔ gateway URL validation happens before credentials are sent (1.318875ms)
✔ npm package metadata identifies the public source repository (1.112292ms)
✔ npm executable paths are already normalized for publishing (0.214ms)
✔ create list delete bots (10.152666ms)
✔ group add remove set (25.962167ms)
✔ rejects nested and empty groups (7.449542ms)
✔ update merges profile, clears title, changes description, toggles settings, rejects blank name (4.5345ms)
✔ update settings merge preserves extra keys (2.637584ms)
✔ allows https Cursor gateway hosts (1.502541ms)
✔ rejects http and non-cursor hosts by default (0.772875ms)
✔ allows local gateways when opted in (0.279667ms)
✔ ALLOW_ANY_GATEWAY bypasses host checks (0.3245ms)
✔ redacts bearer and token-like fields (1.909208ms)
ℹ tests 31
ℹ suites 0
ℹ pass 31
ℹ fail 0
ℹ cancelled 0
ℹ skipped 0
ℹ todo 0
ℹ duration_ms 205.139375
