
> grok-bot-cli@0.2.2 test
> node --test test/*.test.js

✔ decrypts an Electron Safe Storage v10 string (1.447792ms)
✔ loads the signed-in Grok Bot gateway without manual tokens (1.627917ms)
✔ loads a version 2 Grok Bot gateway entry (0.843459ms)
✔ rejects a version 2 descriptor with no entries (0.723541ms)
✔ rejects a version 2 descriptor with ambiguous entries (0.451083ms)
✔ rejects a gateway entry without an encrypted payload (0.403292ms)
✔ rejects an unsupported gateway descriptor version (0.422542ms)
✔ rejects an incomplete decrypted gateway descriptor (1.440625ms)
✔ reports a present but unusable Grok Bot app session (0.495416ms)
✔ does not probe macOS credentials on other platforms (0.096292ms)
✔ doctor reports a present but unusable Grok Bot app session (110.725084ms)
✔ parses env JSON headers (1.388792ms)
✔ reads EnsureSandBox gatewayHeaders (0.118708ms)
✔ reads EnsureSandBox token field (0.051667ms)
✔ env headers override EnsureSandBox (0.057084ms)
✔ request headers keep routing header (0.125583ms)
✔ empty env JSON is a no-op (0.79ms)
✔ credential-bearing requests reject redirects (11.682042ms)
✔ gateway URL validation happens before credentials are sent (0.317584ms)
✔ npm package metadata identifies the public source repository (1.046583ms)
✔ npm executable paths are already normalized for publishing (0.093541ms)
✔ create list delete bots (3.843083ms)
✔ group add remove set (20.619875ms)
✔ rejects nested and empty groups (3.625875ms)
✔ update merges profile, clears title, changes description, toggles settings, rejects blank name (3.304875ms)
✔ update settings merge preserves extra keys (1.543375ms)
✔ allows https Cursor gateway hosts (1.248458ms)
✔ rejects http and non-cursor hosts by default (0.386334ms)
✔ allows local gateways when opted in (0.103917ms)
✔ ALLOW_ANY_GATEWAY bypasses host checks (0.073917ms)
✔ redacts bearer and token-like fields (1.199916ms)
ℹ tests 31
ℹ suites 0
ℹ pass 31
ℹ fail 0
ℹ cancelled 0
ℹ skipped 0
ℹ todo 0
ℹ duration_ms 161.640625
