TAP version 13
# (node:30961) ExperimentalWarning: SQLite is an experimental feature and might change at any time
# (Use `node --trace-warnings ...` to show where the warning was created)
# Subtest: card codec keeps original target/session and rejects malformed parent or SDK version
ok 1 - card codec keeps original target/session and rejects malformed parent or SDK version
  ---
  duration_ms: 5.531708
  type: 'test'
  ...
# Subtest: restart without public original-session rehydration is explicitly blocked
ok 2 - restart without public original-session rehydration is explicitly blocked
  ---
  duration_ms: 5.315625
  type: 'test'
  ...
# Subtest: callback binding enforces participant, expiry, scope, nonce and single-use replay before wake
ok 3 - callback binding enforces participant, expiry, scope, nonce and single-use replay before wake
  ---
  duration_ms: 10.329375
  type: 'test'
  ...
# (node:30962) ExperimentalWarning: SQLite is an experimental feature and might change at any time
# (Use `node --trace-warnings ...` to show where the warning was created)
# Subtest: CLI → authenticated host → durable executor → production text feature reaches offline SDK send
not ok 4 - CLI → authenticated host → durable executor → production text feature reaches offline SDK send
  ---
  duration_ms: 13.981292
  type: 'test'
  location: '/private/var/folders/mw/7sj15dn14z5g9zdvmmhzf1280000gn/T/wt09-snapshot-0s08XB/packages/photon-features/dist/tests/e2e/feature-runtime.test.js:14:1'
  failureType: 'testCodeFailure'
  error: |-
    {"version":1,"ok":false,"error":{"code":"INVALID_ARGUMENTS"}}
    grok-photon: INVALID_ARGUMENTS
    
    
    2 !== 0
    
  code: 'ERR_ASSERTION'
  name: 'AssertionError'
  expected: 0
  actual: 2
  operator: 'strictEqual'
  stack: |-
    TestContext.<anonymous> (file:///private/var/folders/mw/7sj15dn14z5g9zdvmmhzf1280000gn/T/wt09-snapshot-0s08XB/packages/photon-features/dist/tests/e2e/feature-runtime.test.js:35:12)
    process.processTicksAndRejections (node:internal/process/task_queues:103:5)
    async Test.run (node:internal/test_runner/test:1113:7)
    async startSubtestAfterBootstrap (node:internal/test_runner/harness:358:3)
  ...
# (node:30963) ExperimentalWarning: SQLite is an experimental feature and might change at any time
# (Use `node --trace-warnings ...` to show where the warning was created)
# Subtest: attachment, vote/unvote, edit and read identities survive repeated message IDs
ok 5 - attachment, vote/unvote, edit and read identities survive repeated message IDs
  ---
  duration_ms: 17.424042
  type: 'test'
  ...
# Subtest: router retains unknown events, suppresses echoes/receipt loops and deduplicates replay
ok 6 - router retains unknown events, suppresses echoes/receipt loops and deduplicates replay
  ---
  duration_ms: 17.201167
  type: 'test'
  ...
# (node:30964) ExperimentalWarning: SQLite is an experimental feature and might change at any time
# (Use `node --trace-warnings ...` to show where the warning was created)
# Subtest: real installer with explicit offline archive fixture: clean/repeat install, inactive rollback, pending/unknown preservation
not ok 7 - real installer with explicit offline archive fixture: clean/repeat install, inactive rollback, pending/unknown preservation
  ---
  duration_ms: 16.485375
  type: 'test'
  location: '/private/var/folders/mw/7sj15dn14z5g9zdvmmhzf1280000gn/T/wt09-snapshot-0s08XB/packages/photon-features/dist/tests/e2e/install-rollback.test.js:9:1'
  failureType: 'testCodeFailure'
  error: 'UNTESTED_OR_INCOMPATIBLE_ARTIFACT'
  code: 'ERR_TEST_FAILURE'
  stack: |-
    validateMetadata (file:///private/var/folders/mw/7sj15dn14z5g9zdvmmhzf1280000gn/T/wt09-snapshot-0s08XB/packages/photon-features/scripts/package.mjs:35:583)
    installRelease (file:///private/var/folders/mw/7sj15dn14z5g9zdvmmhzf1280000gn/T/wt09-snapshot-0s08XB/packages/photon-features/scripts/install.mjs:80:3)
    async TestContext.<anonymous> (file:///private/var/folders/mw/7sj15dn14z5g9zdvmmhzf1280000gn/T/wt09-snapshot-0s08XB/packages/photon-features/dist/tests/e2e/install-rollback.test.js:19:19)
    async Test.run (node:internal/test_runner/test:1113:7)
    async startSubtestAfterBootstrap (node:internal/test_runner/harness:358:3)
  ...
# (node:30965) ExperimentalWarning: SQLite is an experimental feature and might change at any time
# (Use `node --trace-warnings ...` to show where the warning was created)
# Subtest: concurrent IPC duplicates produce one durable request and survive a second DB connection
ok 8 - concurrent IPC duplicates produce one durable request and survive a second DB connection
  ---
  duration_ms: 129.626125
  type: 'test'
  ...
# Subtest: same key with changed content conflicts and preserves original content
ok 9 - same key with changed content conflicts and preserves original content
  ---
  duration_ms: 8.008125
  type: 'test'
  ...
# Subtest: pre-dispatch cancellation is durable and a duplicate cannot resurrect it
ok 10 - pre-dispatch cancellation is durable and a duplicate cannot resurrect it
  ---
  duration_ms: 6.242292
  type: 'test'
  ...
# (node:30966) ExperimentalWarning: SQLite is an experimental feature and might change at any time
# (Use `node --trace-warnings ...` to show where the warning was created)
# Subtest: process death after possible provider acceptance retains unknown and never blindly resends
ok 11 - process death after possible provider acceptance retains unknown and never blindly resends
  ---
  duration_ms: 241.677208
  type: 'test'
  ...
# Subtest: completed earlier child survives later pre-dispatch failure and retry
ok 12 - completed earlier child survives later pre-dispatch failure and retry
  ---
  duration_ms: 22.339917
  type: 'test'
  ...
# Subtest: unknown later child preserves earlier completion and prevents replay
ok 13 - unknown later child preserves earlier completion and prevents replay
  ---
  duration_ms: 13.041292
  type: 'test'
  ...
# Subtest: resolved promise cannot manufacture provider acceptance or read evidence
ok 14 - resolved promise cannot manufacture provider acceptance or read evidence
  ---
  duration_ms: 22.132708
  type: 'test'
  ...
# (node:30967) ExperimentalWarning: SQLite is an experimental feature and might change at any time
# (Use `node --trace-warnings ...` to show where the warning was created)
# Subtest: two polls with duplicate labels, multiple voters/selections, unvote and out-of-order replay survive DB reopen
not ok 15 - two polls with duplicate labels, multiple voters/selections, unvote and out-of-order replay survive DB reopen
  ---
  duration_ms: 41.371125
  type: 'test'
  location: '/private/var/folders/mw/7sj15dn14z5g9zdvmmhzf1280000gn/T/wt09-snapshot-0s08XB/packages/photon-features/dist/tests/e2e/poll-restart.test.js:26:1'
  failureType: 'testCodeFailure'
  error: |-
    Expected values to be strictly equal:
    
    0 !== 4
    
  code: 'ERR_ASSERTION'
  name: 'AssertionError'
  expected: 4
  actual: 0
  operator: 'strictEqual'
  stack: |-
    TestContext.<anonymous> (file:///private/var/folders/mw/7sj15dn14z5g9zdvmmhzf1280000gn/T/wt09-snapshot-0s08XB/packages/photon-features/dist/tests/e2e/poll-restart.test.js:36:16)
    Test.runInAsyncScope (node:async_hooks:214:14)
    Test.run (node:internal/test_runner/test:1106:25)
    Test.start (node:internal/test_runner/test:1003:17)
    startSubtestAfterBootstrap (node:internal/test_runner/harness:358:17)
    process.processTicksAndRejections (node:internal/process/task_queues:103:5)
  ...
# Subtest: early vote is retained then reconciled by identity; absent ordering stays unresolved
not ok 16 - early vote is retained then reconciled by identity; absent ordering stays unresolved
  ---
  duration_ms: 8.213083
  type: 'test'
  location: '/private/var/folders/mw/7sj15dn14z5g9zdvmmhzf1280000gn/T/wt09-snapshot-0s08XB/packages/photon-features/dist/tests/e2e/poll-restart.test.js:45:1'
  failureType: 'testCodeFailure'
  error: |-
    Expected values to be strictly equal:
    
    0 !== 1
    
  code: 'ERR_ASSERTION'
  name: 'AssertionError'
  expected: 1
  actual: 0
  operator: 'strictEqual'
  stack: |-
    TestContext.<anonymous> (file:///private/var/folders/mw/7sj15dn14z5g9zdvmmhzf1280000gn/T/wt09-snapshot-0s08XB/packages/photon-features/dist/tests/e2e/poll-restart.test.js:59:12)
    Test.runInAsyncScope (node:async_hooks:214:14)
    Test.run (node:internal/test_runner/test:1106:25)
    Test.processPendingSubtests (node:internal/test_runner/test:788:18)
    Test.postRun (node:internal/test_runner/test:1235:19)
    Test.run (node:internal/test_runner/test:1163:12)
    process.processTicksAndRejections (node:internal/process/task_queues:103:5)
    async startSubtestAfterBootstrap (node:internal/test_runner/harness:358:3)
  ...
# Subtest: vote state and continuation roll back together on failed handoff commit
not ok 17 - vote state and continuation roll back together on failed handoff commit
  ---
  duration_ms: 6.768708
  type: 'test'
  location: '/private/var/folders/mw/7sj15dn14z5g9zdvmmhzf1280000gn/T/wt09-snapshot-0s08XB/packages/photon-features/dist/tests/e2e/poll-restart.test.js:66:1'
  failureType: 'testCodeFailure'
  error: 'Missing expected exception.'
  code: 'ERR_ASSERTION'
  name: 'AssertionError'
  expected:
  operator: 'throws'
  stack: |-
    TestContext.<anonymous> (file:///private/var/folders/mw/7sj15dn14z5g9zdvmmhzf1280000gn/T/wt09-snapshot-0s08XB/packages/photon-features/dist/tests/e2e/poll-restart.test.js:70:12)
    Test.runInAsyncScope (node:async_hooks:214:14)
    Test.run (node:internal/test_runner/test:1106:25)
    Test.processPendingSubtests (node:internal/test_runner/test:788:18)
    Test.postRun (node:internal/test_runner/test:1235:19)
    Test.run (node:internal/test_runner/test:1163:12)
    process.processTicksAndRejections (node:internal/process/task_queues:103:5)
    async Test.processPendingSubtests (node:internal/test_runner/test:788:7)
  ...
# Subtest: WT-02 router and WT-05 reducer commit one correlated continuation together
not ok 18 - WT-02 router and WT-05 reducer commit one correlated continuation together
  ---
  duration_ms: 7.131375
  type: 'test'
  location: '/private/var/folders/mw/7sj15dn14z5g9zdvmmhzf1280000gn/T/wt09-snapshot-0s08XB/packages/photon-features/dist/tests/e2e/poll-restart.test.js:80:1'
  failureType: 'testCodeFailure'
  error: 'STALE_FENCE'
  code: 'ERR_TEST_FAILURE'
  stack: |-
    Object.put (file:///private/var/folders/mw/7sj15dn14z5g9zdvmmhzf1280000gn/T/wt09-snapshot-0s08XB/packages/photon-features/dist/src/state/sqlite.js:92:31)
    file:///private/var/folders/mw/7sj15dn14z5g9zdvmmhzf1280000gn/T/wt09-snapshot-0s08XB/packages/photon-features/dist/src/runtime/inbound/router.js:104:24
    DurableSQLiteStore.transaction (file:///private/var/folders/mw/7sj15dn14z5g9zdvmmhzf1280000gn/T/wt09-snapshot-0s08XB/packages/photon-features/dist/src/state/sqlite.js:97:28)
    InboundRouter.reduce (file:///private/var/folders/mw/7sj15dn14z5g9zdvmmhzf1280000gn/T/wt09-snapshot-0s08XB/packages/photon-features/dist/src/runtime/inbound/router.js:73:31)
    InboundRouter.accept (file:///private/var/folders/mw/7sj15dn14z5g9zdvmmhzf1280000gn/T/wt09-snapshot-0s08XB/packages/photon-features/dist/src/runtime/inbound/router.js:69:18)
    TestContext.<anonymous> (file:///private/var/folders/mw/7sj15dn14z5g9zdvmmhzf1280000gn/T/wt09-snapshot-0s08XB/packages/photon-features/dist/tests/e2e/poll-restart.test.js:85:18)
    Test.runInAsyncScope (node:async_hooks:214:14)
    Test.run (node:internal/test_runner/test:1106:25)
    Test.processPendingSubtests (node:internal/test_runner/test:788:18)
    Test.postRun (node:internal/test_runner/test:1235:19)
  ...
# (node:30968) ExperimentalWarning: SQLite is an experimental feature and might change at any time
# (Use `node --trace-warnings ...` to show where the warning was created)
# Subtest: one host owner starts one SDK and rejects competing subscriptions
ok 19 - one host owner starts one SDK and rejects competing subscriptions
  ---
  duration_ms: 2.024542
  type: 'test'
  ...
# Subtest: host is inactive by default and startup failure cleans up all owned components
ok 20 - host is inactive by default and startup failure cleans up all owned components
  ---
  duration_ms: 5.67725
  type: 'test'
  ...
# (node:30969) ExperimentalWarning: SQLite is an experimental feature and might change at any time
# (Use `node --trace-warnings ...` to show where the warning was created)
# Subtest: completion, failure, cancellation and timeout stop typing
ok 21 - completion, failure, cancellation and timeout stop typing
  ---
  duration_ms: 11.857584
  type: 'test'
  ...
# Subtest: overlap ignores old stop, long-work wait ends lease and delayed expired start never replays
ok 22 - overlap ignores old stop, long-work wait ends lease and delayed expired start never replays
  ---
  duration_ms: 8.791584
  type: 'test'
  ...
# Subtest: connection loss and fresh manager never resume old starts
ok 23 - connection loss and fresh manager never resume old starts
  ---
  duration_ms: 0.912875
  type: 'test'
  ...
# Subtest: delayed start completion after cancellation is followed by stop
ok 24 - delayed start completion after cancellation is followed by stop
  ---
  duration_ms: 0.613083
  type: 'test'
  ...
# (node:30970) ExperimentalWarning: SQLite is an experimental feature and might change at any time
# (Use `node --trace-warnings ...` to show where the warning was created)
# Subtest: 44 operation fixtures are accounted for with explicit implementation and availability
ok 25 - 44 operation fixtures are accounted for with explicit implementation and availability
  ---
  duration_ms: 32.664875
  type: 'test'
  ...
# Subtest: pinned public builders execute offline; duplicate labels do not imply unique option identity
ok 26 - pinned public builders execute offline; duplicate labels do not imply unique option identity
  ---
  duration_ms: 0.855458
  type: 'test'
  ...
# Subtest: voice keeps names/acronyms/code/URLs intact and structured content bypasses formatter
ok 27 - voice keeps names/acronyms/code/URLs intact and structured content bypasses formatter
  ---
  duration_ms: 6.207667
  type: 'test'
  ...
# (node:30972) ExperimentalWarning: SQLite is an experimental feature and might change at any time
# (Use `node --trace-warnings ...` to show where the warning was created)
# Subtest: authorized exact text action: provider acceptance only
ok 28 - authorized exact text action: provider acceptance only # SKIP
  ---
  duration_ms: 0.321084
  type: 'test'
  ...
# (node:30973) ExperimentalWarning: SQLite is an experimental feature and might change at any time
# (Use `node --trace-warnings ...` to show where the warning was created)
# Subtest: lease heartbeat preserves fence; stale owner/fence/generation cannot write
ok 29 - lease heartbeat preserves fence; stale owner/fence/generation cannot write
  ---
  duration_ms: 17.352667
  type: 'test'
  ...
# Subtest: cancellation and revocation invalidate an already held claim
ok 30 - cancellation and revocation invalidate an already held claim
  ---
  duration_ms: 9.277709
  type: 'test'
  ...
# (node:30974) ExperimentalWarning: SQLite is an experimental feature and might change at any time
# (Use `node --trace-warnings ...` to show where the warning was created)
# Subtest: actual socket authenticates outside model JSON and persists submit/status
ok 31 - actual socket authenticates outside model JSON and persists submit/status
  ---
  duration_ms: 41.05325
  type: 'test'
  ...
# Subtest: authoritative context rejects expired before queueing
ok 32 - authoritative context rejects expired before queueing
  ---
  duration_ms: 7.322042
  type: 'test'
  ...
# Subtest: authoritative context rejects future-issued before queueing
ok 33 - authoritative context rejects future-issued before queueing
  ---
  duration_ms: 9.499208
  type: 'test'
  ...
# Subtest: authoritative context rejects revoked before queueing
ok 34 - authoritative context rejects revoked before queueing
  ---
  duration_ms: 5.278
  type: 'test'
  ...
# Subtest: authoritative context rejects wrong-principal before queueing
ok 35 - authoritative context rejects wrong-principal before queueing
  ---
  duration_ms: 5.820834
  type: 'test'
  ...
# Subtest: authoritative context rejects permission-removed before queueing
ok 36 - authoritative context rejects permission-removed before queueing
  ---
  duration_ms: 5.7255
  type: 'test'
  ...
# Subtest: forged context and model-supplied permission cannot grant access
ok 37 - forged context and model-supplied permission cannot grant access
  ---
  duration_ms: 40.631291
  type: 'test'
  ...
# Subtest: rejects cross-projectId target even when resource id is known
ok 38 - rejects cross-projectId target even when resource id is known
  ---
  duration_ms: 5.698083
  type: 'test'
  ...
# Subtest: rejects cross-accountId target even when resource id is known
ok 39 - rejects cross-accountId target even when resource id is known
  ---
  duration_ms: 4.038042
  type: 'test'
  ...
# Subtest: rejects cross-lineId target even when resource id is known
ok 40 - rejects cross-lineId target even when resource id is known
  ---
  duration_ms: 4.966791
  type: 'test'
  ...
# Subtest: rejects cross-spaceId target even when resource id is known
ok 41 - rejects cross-spaceId target even when resource id is known
  ---
  duration_ms: 3.418291
  type: 'test'
  ...
# Subtest: space.create permission alone is insufficient for administrative intent
ok 42 - space.create permission alone is insufficient for administrative intent
  ---
  duration_ms: 4.931458
  type: 'test'
  ...
# Subtest: space.rename permission alone is insufficient for administrative intent
ok 43 - space.rename permission alone is insufficient for administrative intent
  ---
  duration_ms: 4.468709
  type: 'test'
  ...
# Subtest: space.addMembers permission alone is insufficient for administrative intent
ok 44 - space.addMembers permission alone is insufficient for administrative intent
  ---
  duration_ms: 5.222292
  type: 'test'
  ...
# Subtest: space.removeMembers permission alone is insufficient for administrative intent
ok 45 - space.removeMembers permission alone is insufficient for administrative intent
  ---
  duration_ms: 7.237833
  type: 'test'
  ...
# Subtest: space.leave permission alone is insufficient for administrative intent
ok 46 - space.leave permission alone is insufficient for administrative intent
  ---
  duration_ms: 4.718833
  type: 'test'
  ...
# Subtest: account.shareContact permission alone is insufficient for administrative intent
ok 47 - account.shareContact permission alone is insufficient for administrative intent
  ---
  duration_ms: 5.901417
  type: 'test'
  ...
# Subtest: trusted administrative intent still cannot authorize a new recipient
ok 48 - trusted administrative intent still cannot authorize a new recipient
  ---
  duration_ms: 4.930125
  type: 'test'
  ...
# Subtest: status and cancellation conceal results from another task and principal
ok 49 - status and cancellation conceal results from another task and principal
  ---
  duration_ms: 7.946708
  type: 'test'
  ...
# Subtest: context is refreshed on every socket request after revocation
ok 50 - context is refreshed on every socket request after revocation
  ---
  duration_ms: 14.552458
  type: 'test'
  ...
# (node:30975) ExperimentalWarning: SQLite is an experimental feature and might change at any time
# (Use `node --trace-warnings ...` to show where the warning was created)
# Subtest: guarded file access rejects traversal, leaf/ancestor symlinks and hard links
ok 51 - guarded file access rejects traversal, leaf/ancestor symlinks and hard links
  ---
  duration_ms: 22.915
  type: 'test'
  ...
# Subtest: opened handle keeps approved inode when pathname is replaced
ok 52 - opened handle keeps approved inode when pathname is replaced
  ---
  duration_ms: 6.320833
  type: 'test'
  ...
# Subtest: egress rejects controlled address fixture 127.0.0.1
ok 53 - egress rejects controlled address fixture 127.0.0.1
  ---
  duration_ms: 0.315166
  type: 'test'
  ...
# Subtest: egress rejects controlled address fixture 10.0.0.1
ok 54 - egress rejects controlled address fixture 10.0.0.1
  ---
  duration_ms: 0.316708
  type: 'test'
  ...
# Subtest: egress rejects controlled address fixture 169.254.169.254
ok 55 - egress rejects controlled address fixture 169.254.169.254
  ---
  duration_ms: 0.143542
  type: 'test'
  ...
# Subtest: egress rejects controlled address fixture 172.16.0.1
ok 56 - egress rejects controlled address fixture 172.16.0.1
  ---
  duration_ms: 0.090792
  type: 'test'
  ...
# Subtest: egress rejects controlled address fixture 192.168.1.1
ok 57 - egress rejects controlled address fixture 192.168.1.1
  ---
  duration_ms: 0.094958
  type: 'test'
  ...
# Subtest: egress rejects controlled address fixture 100.64.0.1
ok 58 - egress rejects controlled address fixture 100.64.0.1
  ---
  duration_ms: 0.170917
  type: 'test'
  ...
# Subtest: egress rejects controlled address fixture 198.18.0.1
ok 59 - egress rejects controlled address fixture 198.18.0.1
  ---
  duration_ms: 0.133333
  type: 'test'
  ...
# Subtest: egress rejects controlled address fixture 0.0.0.0
ok 60 - egress rejects controlled address fixture 0.0.0.0
  ---
  duration_ms: 0.119084
  type: 'test'
  ...
# Subtest: egress rejects controlled address fixture 224.0.0.1
ok 61 - egress rejects controlled address fixture 224.0.0.1
  ---
  duration_ms: 0.060792
  type: 'test'
  ...
# Subtest: egress rejects controlled address fixture ::1
ok 62 - egress rejects controlled address fixture ::1
  ---
  duration_ms: 6.171583
  type: 'test'
  ...
# Subtest: egress rejects controlled address fixture ::ffff:127.0.0.1
ok 63 - egress rejects controlled address fixture ::ffff:127.0.0.1
  ---
  duration_ms: 0.107791
  type: 'test'
  ...
# Subtest: egress rejects controlled address fixture fc00::1
ok 64 - egress rejects controlled address fixture fc00::1
  ---
  duration_ms: 0.083125
  type: 'test'
  ...
# Subtest: egress rejects controlled address fixture fe80::1
ok 65 - egress rejects controlled address fixture fe80::1
  ---
  duration_ms: 0.062125
  type: 'test'
  ...
# Subtest: egress rejects controlled address fixture 2001:db8::1
ok 66 - egress rejects controlled address fixture 2001:db8::1
  ---
  duration_ms: 0.04625
  type: 'test'
  ...
# Subtest: URL authorization rejects misleading hosts, credentials, ports and schemes
ok 67 - URL authorization rejects misleading hosts, credentials, ports and schemes
  ---
  duration_ms: 0.370958
  type: 'test'
  ...
# Subtest: redirect DNS rebinding and mixed public/private answers fail before private connection
ok 68 - redirect DNS rebinding and mixed public/private answers fail before private connection
  ---
  duration_ms: 2.235667
  type: 'test'
  ...
# Subtest: byte count overrides misleading size and interrupted stream releases reader
ok 69 - byte count overrides misleading size and interrupted stream releases reader
  ---
  duration_ms: 2.995666
  type: 'test'
  ...
# (node:30976) ExperimentalWarning: SQLite is an experimental feature and might change at any time
# (Use `node --trace-warnings ...` to show where the warning was created)
# Subtest: HMAC uses exact bytes and rejects missing, invalid, stale and future signatures
ok 70 - HMAC uses exact bytes and rejects missing, invalid, stale and future signatures
  ---
  duration_ms: 1.26625
  type: 'test'
  ...
# Subtest: webhook awaits durable acceptance; database failure is 503 and alternate envelope is rejected
ok 71 - webhook awaits durable acceptance; database failure is 503 and alternate envelope is rejected
  ---
  duration_ms: 47.057542
  type: 'test'
  ...
1..71
# tests 71
# suites 0
# pass 64
# fail 6
# cancelled 0
# skipped 1
# todo 0
# duration_ms 887.90175
