
> grok-bot-cli@0.2.2 test
> node --test test/*.test.js

✔ decrypts an Electron Safe Storage v10 string (2.667416ms)
✔ loads the signed-in Grok Bot gateway without manual tokens (1.294583ms)
✔ loads a version 2 Grok Bot gateway entry (1.426417ms)
✔ rejects a version 2 descriptor with no entries (0.837875ms)
✔ rejects a version 2 descriptor with ambiguous entries (1.634792ms)
✔ rejects a gateway entry without an encrypted payload (1.455791ms)
✔ rejects an unsupported gateway descriptor version (0.52925ms)
✔ rejects an incomplete decrypted gateway descriptor (1.35725ms)
✔ reports a present but unusable Grok Bot app session (0.671583ms)
✔ does not probe macOS credentials on other platforms (0.11025ms)
✔ doctor reports a present but unusable Grok Bot app session (115.71675ms)
✔ parses env JSON headers (0.858ms)
✔ reads EnsureSandBox gatewayHeaders (0.098125ms)
✔ reads EnsureSandBox token field (0.048167ms)
✔ env headers override EnsureSandBox (0.052041ms)
✔ request headers keep routing header (0.244709ms)
✔ empty env JSON is a no-op (0.878416ms)
✔ credential-bearing requests reject redirects (12.594583ms)
✔ gateway URL validation happens before credentials are sent (0.311084ms)
✔ npm package metadata identifies the public source repository (1.318875ms)
✔ npm executable paths are already normalized for publishing (0.154417ms)
✔ create list delete bots (3.911625ms)
✔ group add remove set (24.401083ms)
✔ rejects nested and empty groups (4.336667ms)
✔ update merges profile, clears title, changes description, toggles settings, rejects blank name (4.774583ms)
✔ update settings merge preserves extra keys (2.288791ms)
✔ allows https Cursor gateway hosts (1.3605ms)
✔ rejects http and non-cursor hosts by default (0.679917ms)
✔ allows local gateways when opted in (0.105042ms)
✔ ALLOW_ANY_GATEWAY bypasses host checks (0.069458ms)
✔ redacts bearer and token-like fields (0.834625ms)
ℹ tests 31
ℹ suites 0
ℹ pass 31
ℹ fail 0
ℹ cancelled 0
ℹ skipped 0
ℹ todo 0
ℹ duration_ms 182.96925
