
> grok-bot-cli@0.2.2 test
> node --test test/*.test.js

✔ decrypts an Electron Safe Storage v10 string (1.458541ms)
✔ loads the signed-in Grok Bot gateway without manual tokens (2.992625ms)
✔ loads a version 2 Grok Bot gateway entry (1.562458ms)
✔ rejects a version 2 descriptor with no entries (1.14775ms)
✔ rejects a version 2 descriptor with ambiguous entries (0.666667ms)
✔ rejects a gateway entry without an encrypted payload (0.675041ms)
✔ rejects an unsupported gateway descriptor version (0.621208ms)
✔ rejects an incomplete decrypted gateway descriptor (1.65275ms)
✔ reports a present but unusable Grok Bot app session (1.094375ms)
✔ does not probe macOS credentials on other platforms (0.128834ms)
✔ doctor reports a present but unusable Grok Bot app session (107.323542ms)
✔ parses env JSON headers (2.392667ms)
✔ reads EnsureSandBox gatewayHeaders (0.278416ms)
✔ reads EnsureSandBox token field (0.286ms)
✔ env headers override EnsureSandBox (0.067125ms)
✔ request headers keep routing header (0.12875ms)
✔ empty env JSON is a no-op (0.054625ms)
✔ credential-bearing requests reject redirects (17.357959ms)
✔ gateway URL validation happens before credentials are sent (0.304208ms)
✔ npm package metadata identifies the public source repository (0.681333ms)
✔ npm executable paths are already normalized for publishing (0.072125ms)
✔ create list delete bots (2.775833ms)
✔ group add remove set (20.763416ms)
✔ rejects nested and empty groups (3.640917ms)
✔ update merges profile, clears title, changes description, toggles settings, rejects blank name (3.063041ms)
✔ update settings merge preserves extra keys (1.932875ms)
✔ allows https Cursor gateway hosts (0.584625ms)
✔ rejects http and non-cursor hosts by default (0.4335ms)
✔ allows local gateways when opted in (0.099458ms)
✔ ALLOW_ANY_GATEWAY bypasses host checks (0.095583ms)
✔ redacts bearer and token-like fields (1.153166ms)
ℹ tests 31
ℹ suites 0
ℹ pass 31
ℹ fail 0
ℹ cancelled 0
ℹ skipped 0
ℹ todo 0
ℹ duration_ms 165.253042
