
> grokbotxphoton@0.1.0 test
> npm run photon:test


> grokbotxphoton@0.1.0 photon:test
> npm run test --workspace=@grokbot/photon-features


> @grokbot/photon-features@0.1.0 test
> npm run build && node --test dist/tests/lanes/wt-00/*.test.js


> @grokbot/photon-features@0.1.0 build
> tsc -p tsconfig.json

(node:47134) ExperimentalWarning: SQLite is an experimental feature and might change at any time
(Use `node --trace-warnings ...` to show where the warning was created)
✔ typing.begin: valid, missing required argument, unknown envelope/argument (13.55925ms)
✔ typing.end: valid, missing required argument, unknown envelope/argument (2.359875ms)
✔ text.send: valid, missing required argument, unknown envelope/argument (2.851708ms)
✔ text.stream: valid, missing required argument, unknown envelope/argument (1.758708ms)
✔ markdown.send: valid, missing required argument, unknown envelope/argument (0.894958ms)
✔ link.send: valid, missing required argument, unknown envelope/argument (1.183208ms)
✔ content.group: valid, missing required argument, unknown envelope/argument (2.350042ms)
✔ content.compose: valid, missing required argument, unknown envelope/argument (3.434333ms)
✔ message.get: valid, missing required argument, unknown envelope/argument (1.306833ms)
✔ message.reply: valid, missing required argument, unknown envelope/argument (1.538375ms)
✔ message.react: valid, missing required argument, unknown envelope/argument (0.799458ms)
✔ reaction.remove: valid, missing required argument, unknown envelope/argument (0.95925ms)
✔ message.edit: valid, missing required argument, unknown envelope/argument (1.094917ms)
✔ message.unsend: valid, missing required argument, unknown envelope/argument (0.730708ms)
✔ message.markRead: valid, missing required argument, unknown envelope/argument (0.746917ms)
✔ attachment.send: valid, missing required argument, unknown envelope/argument (1.19225ms)
✔ attachment.fetch: valid, missing required argument, unknown envelope/argument (2.088666ms)
✔ voice.send: valid, missing required argument, unknown envelope/argument (1.490917ms)
✔ contact.send: valid, missing required argument, unknown envelope/argument (2.408292ms)
✔ poll.create: valid, missing required argument, unknown envelope/argument (0.998625ms)
✔ poll.get: valid, missing required argument, unknown envelope/argument (0.819333ms)
✔ poll.vote: valid, missing required argument, unknown envelope/argument (1.298292ms)
✔ poll.unvote: valid, missing required argument, unknown envelope/argument (0.636417ms)
✔ poll.addOption: valid, missing required argument, unknown envelope/argument (0.697333ms)
✔ app.send: valid, missing required argument, unknown envelope/argument (1.357125ms)
✔ app.sendCustomized: valid, missing required argument, unknown envelope/argument (3.118084ms)
✔ app.update: valid, missing required argument, unknown envelope/argument (1.389958ms)
✔ space.get: valid, missing required argument, unknown envelope/argument (0.794584ms)
✔ space.create: valid, missing required argument, unknown envelope/argument (0.87075ms)
✔ space.getName: valid, missing required argument, unknown envelope/argument (0.703833ms)
✔ space.rename: valid, missing required argument, unknown envelope/argument (1.051416ms)
✔ space.getMembers: valid, missing required argument, unknown envelope/argument (0.682583ms)
✔ space.addMembers: valid, missing required argument, unknown envelope/argument (1.448041ms)
✔ space.removeMembers: valid, missing required argument, unknown envelope/argument (0.6745ms)
✔ space.leave: valid, missing required argument, unknown envelope/argument (0.626084ms)
✔ space.getAvatar: valid, missing required argument, unknown envelope/argument (0.707458ms)
✔ space.setAvatar: valid, missing required argument, unknown envelope/argument (0.665708ms)
✔ space.clearAvatar: valid, missing required argument, unknown envelope/argument (0.674958ms)
✔ space.setBackground: valid, missing required argument, unknown envelope/argument (0.652667ms)
✔ space.clearBackground: valid, missing required argument, unknown envelope/argument (0.584542ms)
✔ account.shareContact: valid, missing required argument, unknown envelope/argument (0.851208ms)
✔ effect.send: valid, missing required argument, unknown envelope/argument (0.748375ms)
✔ metadata.get: valid, missing required argument, unknown envelope/argument (0.555667ms)
✔ custom.send: valid, missing required argument, unknown envelope/argument (0.668042ms)
✔ reference round trip and all scope dimensions (1.379084ms)
✔ content rejects executable input, raw paths, wrapper nesting and overflow (0.737416ms)
✔ context, incoming event, void result and capability dimensions (2.0965ms)
✔ registry ownership is complete and production registry fails closed (0.42075ms)
✔ every resource kind round trips and related parent identifiers are checked (2.306334ms)
✔ fencing and lifecycle helpers distinguish cancellation and provider evidence (0.20375ms)
✔ production source has no imports of test fixtures (19.507833ms)
(node:47135) ExperimentalWarning: SQLite is an experimental feature and might change at any time
(Use `node --trace-warnings ...` to show where the warning was created)
✔ public SDK imports load without client construction (0.348041ms)
✔ host activation, ordered recovery, singleton start and shutdown (0.685292ms)
✔ failed recovery cleans up; disabled host never starts client (0.148958ms)
(node:47136) ExperimentalWarning: SQLite is an experimental feature and might change at any time
(Use `node --trace-warnings ...` to show where the warning was created)
✔ woken task retrieves actual durable events, claims, heartbeats, acknowledges (12.475625ms)
✔ expired leases fence old acknowledgements; auth, revocation and generation checks (5.234625ms)
✔ Unix socket authenticates separately from opaque contextId and refuses unsafe directory (13.605ms)
✔ work query cannot starve behind acknowledged rows and context expiry denies access (15.372542ms)
(node:47137) ExperimentalWarning: SQLite is an experimental feature and might change at any time
(Use `node --trace-warnings ...` to show where the warning was created)
✔ transaction rollback across inbox and handoff, CAS, reopen durability (8.301875ms)
✔ abrupt process exit rolls back uncommitted writes but preserves committed writes (75.44225ms)
ℹ tests 60
ℹ suites 0
ℹ pass 60
ℹ fail 0
ℹ cancelled 0
ℹ skipped 0
ℹ todo 0
ℹ duration_ms 420.7335
